[0.280s] DEBUG:colcon:Command line arguments: ['/usr/bin/colcon', 'build', '--symlink-install']
[0.280s] DEBUG:colcon:Parsed command line arguments: Namespace(log_base=None, log_level=None, verb_name='build', build_base='build', install_base='install', merge_install=False, symlink_install=True, test_result_base=None, continue_on_error=False, executor='parallel', parallel_workers=2, event_handlers=None, ignore_user_meta=False, metas=['./colcon.meta'], base_paths=['.'], packages_ignore=None, packages_ignore_regex=None, paths=None, packages_up_to=None, packages_up_to_regex=None, packages_above=None, packages_above_and_dependencies=None, packages_above_depth=None, packages_select_by_dep=None, packages_skip_by_dep=None, packages_skip_up_to=None, packages_select_build_failed=False, packages_skip_build_finished=False, packages_select_test_failures=False, packages_skip_test_passed=False, packages_select=None, packages_skip=None, packages_select_regex=None, packages_skip_regex=None, packages_start=None, packages_end=None, allow_overriding=[], cmake_args=None, cmake_target=None, cmake_target_skip_unavailable=False, cmake_clean_cache=False, cmake_clean_first=False, cmake_force_configure=False, ament_cmake_args=None, catkin_cmake_args=None, catkin_skip_building_tests=False, mixin_files=None, mixin=None, verb_parser=<colcon_mixin.mixin.mixin_argument.MixinArgumentDecorator object at 0x729a09f71690>, verb_extension=<colcon_core.verb.build.BuildVerb object at 0x729a09f70e80>, main=<bound method BuildVerb.main of <colcon_core.verb.build.BuildVerb object at 0x729a09f70e80>>, mixin_verb=('build',))
[0.677s] Level 1:colcon.colcon_core.package_discovery:discover_packages(colcon_meta) check parameters
[0.677s] Level 1:colcon.colcon_core.package_discovery:discover_packages(recursive) check parameters
[0.677s] Level 1:colcon.colcon_core.package_discovery:discover_packages(ignore) check parameters
[0.677s] Level 1:colcon.colcon_core.package_discovery:discover_packages(path) check parameters
[0.677s] Level 1:colcon.colcon_core.package_discovery:discover_packages(colcon_meta) discover
[0.677s] Level 1:colcon.colcon_core.package_discovery:discover_packages(recursive) discover
[0.677s] INFO:colcon.colcon_core.package_discovery:Crawling recursively for packages in '/home/keime/ros2_basic_ws'
[0.678s] Level 1:colcon.colcon_core.package_identification:_identify(.) by extensions ['ignore', 'ignore_ament_install']
[0.678s] Level 1:colcon.colcon_core.package_identification:_identify(.) by extension 'ignore'
[0.678s] Level 1:colcon.colcon_core.package_identification:_identify(.) by extension 'ignore_ament_install'
[0.678s] Level 1:colcon.colcon_core.package_identification:_identify(.) by extensions ['colcon_pkg']
[0.678s] Level 1:colcon.colcon_core.package_identification:_identify(.) by extension 'colcon_pkg'
[0.678s] Level 1:colcon.colcon_core.package_identification:_identify(.) by extensions ['colcon_meta']
[0.679s] Level 1:colcon.colcon_core.package_identification:_identify(.) by extension 'colcon_meta'
[0.679s] Level 1:colcon.colcon_core.package_identification:_identify(.) by extensions ['ros']
[0.679s] Level 1:colcon.colcon_core.package_identification:_identify(.) by extension 'ros'
[0.703s] Level 1:colcon.colcon_core.package_identification:_identify(.) by extensions ['cmake', 'python']
[0.703s] Level 1:colcon.colcon_core.package_identification:_identify(.) by extension 'cmake'
[0.703s] Level 1:colcon.colcon_core.package_identification:_identify(.) by extension 'python'
[0.704s] Level 1:colcon.colcon_core.package_identification:_identify(.) by extensions ['python_setup_py']
[0.704s] Level 1:colcon.colcon_core.package_identification:_identify(.) by extension 'python_setup_py'
[0.704s] Level 1:colcon.colcon_core.package_identification:_identify(build) by extensions ['ignore', 'ignore_ament_install']
[0.704s] Level 1:colcon.colcon_core.package_identification:_identify(build) by extension 'ignore'
[0.704s] Level 1:colcon.colcon_core.package_identification:_identify(build) ignored
[0.705s] Level 1:colcon.colcon_core.package_identification:_identify(install) by extensions ['ignore', 'ignore_ament_install']
[0.705s] Level 1:colcon.colcon_core.package_identification:_identify(install) by extension 'ignore'
[0.705s] Level 1:colcon.colcon_core.package_identification:_identify(install) ignored
[0.705s] Level 1:colcon.colcon_core.package_identification:_identify(log) by extensions ['ignore', 'ignore_ament_install']
[0.706s] Level 1:colcon.colcon_core.package_identification:_identify(log) by extension 'ignore'
[0.706s] Level 1:colcon.colcon_core.package_identification:_identify(log) ignored
[0.706s] Level 1:colcon.colcon_core.package_identification:_identify(src) by extensions ['ignore', 'ignore_ament_install']
[0.706s] Level 1:colcon.colcon_core.package_identification:_identify(src) by extension 'ignore'
[0.706s] Level 1:colcon.colcon_core.package_identification:_identify(src) by extension 'ignore_ament_install'
[0.707s] Level 1:colcon.colcon_core.package_identification:_identify(src) by extensions ['colcon_pkg']
[0.707s] Level 1:colcon.colcon_core.package_identification:_identify(src) by extension 'colcon_pkg'
[0.709s] Level 1:colcon.colcon_core.package_identification:_identify(src) by extensions ['colcon_meta']
[0.709s] Level 1:colcon.colcon_core.package_identification:_identify(src) by extension 'colcon_meta'
[0.709s] Level 1:colcon.colcon_core.package_identification:_identify(src) by extensions ['ros']
[0.709s] Level 1:colcon.colcon_core.package_identification:_identify(src) by extension 'ros'
[0.709s] Level 1:colcon.colcon_core.package_identification:_identify(src) by extensions ['cmake', 'python']
[0.709s] Level 1:colcon.colcon_core.package_identification:_identify(src) by extension 'cmake'
[0.710s] Level 1:colcon.colcon_core.package_identification:_identify(src) by extension 'python'
[0.710s] Level 1:colcon.colcon_core.package_identification:_identify(src) by extensions ['python_setup_py']
[0.710s] Level 1:colcon.colcon_core.package_identification:_identify(src) by extension 'python_setup_py'
[0.710s] Level 1:colcon.colcon_core.package_identification:_identify(src/my_pkg) by extensions ['ignore', 'ignore_ament_install']
[0.710s] Level 1:colcon.colcon_core.package_identification:_identify(src/my_pkg) by extension 'ignore'
[0.711s] Level 1:colcon.colcon_core.package_identification:_identify(src/my_pkg) by extension 'ignore_ament_install'
[0.711s] Level 1:colcon.colcon_core.package_identification:_identify(src/my_pkg) by extensions ['colcon_pkg']
[0.711s] Level 1:colcon.colcon_core.package_identification:_identify(src/my_pkg) by extension 'colcon_pkg'
[0.711s] Level 1:colcon.colcon_core.package_identification:_identify(src/my_pkg) by extensions ['colcon_meta']
[0.711s] Level 1:colcon.colcon_core.package_identification:_identify(src/my_pkg) by extension 'colcon_meta'
[0.711s] Level 1:colcon.colcon_core.package_identification:_identify(src/my_pkg) by extensions ['ros']
[0.711s] Level 1:colcon.colcon_core.package_identification:_identify(src/my_pkg) by extension 'ros'
[0.716s] DEBUG:colcon.colcon_core.package_identification:Package 'src/my_pkg' with type 'ros.ament_python' and name 'my_pkg'
[0.716s] Level 1:colcon.colcon_core.package_identification:_identify(src/ros2_basic) by extensions ['ignore', 'ignore_ament_install']
[0.717s] Level 1:colcon.colcon_core.package_identification:_identify(src/ros2_basic) by extension 'ignore'
[0.717s] Level 1:colcon.colcon_core.package_identification:_identify(src/ros2_basic) by extension 'ignore_ament_install'
[0.717s] Level 1:colcon.colcon_core.package_identification:_identify(src/ros2_basic) by extensions ['colcon_pkg']
[0.717s] Level 1:colcon.colcon_core.package_identification:_identify(src/ros2_basic) by extension 'colcon_pkg'
[0.717s] Level 1:colcon.colcon_core.package_identification:_identify(src/ros2_basic) by extensions ['colcon_meta']
[0.717s] Level 1:colcon.colcon_core.package_identification:_identify(src/ros2_basic) by extension 'colcon_meta'
[0.717s] Level 1:colcon.colcon_core.package_identification:_identify(src/ros2_basic) by extensions ['ros']
[0.717s] Level 1:colcon.colcon_core.package_identification:_identify(src/ros2_basic) by extension 'ros'
[0.718s] Level 1:colcon.colcon_core.package_identification:_identify(src/ros2_basic) by extensions ['cmake', 'python']
[0.718s] Level 1:colcon.colcon_core.package_identification:_identify(src/ros2_basic) by extension 'cmake'
[0.718s] Level 1:colcon.colcon_core.package_identification:_identify(src/ros2_basic) by extension 'python'
[0.718s] Level 1:colcon.colcon_core.package_identification:_identify(src/ros2_basic) by extensions ['python_setup_py']
[0.718s] Level 1:colcon.colcon_core.package_identification:_identify(src/ros2_basic) by extension 'python_setup_py'
[0.718s] Level 1:colcon.colcon_core.package_identification:_identify(src/ros2_basic/ros2_basic) by extensions ['ignore', 'ignore_ament_install']
[0.718s] Level 1:colcon.colcon_core.package_identification:_identify(src/ros2_basic/ros2_basic) by extension 'ignore'
[0.719s] Level 1:colcon.colcon_core.package_identification:_identify(src/ros2_basic/ros2_basic) by extension 'ignore_ament_install'
[0.719s] Level 1:colcon.colcon_core.package_identification:_identify(src/ros2_basic/ros2_basic) by extensions ['colcon_pkg']
[0.719s] Level 1:colcon.colcon_core.package_identification:_identify(src/ros2_basic/ros2_basic) by extension 'colcon_pkg'
[0.719s] Level 1:colcon.colcon_core.package_identification:_identify(src/ros2_basic/ros2_basic) by extensions ['colcon_meta']
[0.719s] Level 1:colcon.colcon_core.package_identification:_identify(src/ros2_basic/ros2_basic) by extension 'colcon_meta'
[0.719s] Level 1:colcon.colcon_core.package_identification:_identify(src/ros2_basic/ros2_basic) by extensions ['ros']
[0.719s] Level 1:colcon.colcon_core.package_identification:_identify(src/ros2_basic/ros2_basic) by extension 'ros'
[0.719s] Level 1:colcon.colcon_core.package_identification:_identify(src/ros2_basic/ros2_basic) by extensions ['cmake', 'python']
[0.719s] Level 1:colcon.colcon_core.package_identification:_identify(src/ros2_basic/ros2_basic) by extension 'cmake'
[0.720s] Level 1:colcon.colcon_core.package_identification:_identify(src/ros2_basic/ros2_basic) by extension 'python'
[0.720s] Level 1:colcon.colcon_core.package_identification:_identify(src/ros2_basic/ros2_basic) by extensions ['python_setup_py']
[0.720s] Level 1:colcon.colcon_core.package_identification:_identify(src/ros2_basic/ros2_basic) by extension 'python_setup_py'
[0.720s] Level 1:colcon.colcon_core.package_identification:_identify(src/ros2_basic/ros2_basic/pc) by extensions ['ignore', 'ignore_ament_install']
[0.720s] Level 1:colcon.colcon_core.package_identification:_identify(src/ros2_basic/ros2_basic/pc) by extension 'ignore'
[0.720s] Level 1:colcon.colcon_core.package_identification:_identify(src/ros2_basic/ros2_basic/pc) by extension 'ignore_ament_install'
[0.720s] Level 1:colcon.colcon_core.package_identification:_identify(src/ros2_basic/ros2_basic/pc) by extensions ['colcon_pkg']
[0.721s] Level 1:colcon.colcon_core.package_identification:_identify(src/ros2_basic/ros2_basic/pc) by extension 'colcon_pkg'
[0.721s] Level 1:colcon.colcon_core.package_identification:_identify(src/ros2_basic/ros2_basic/pc) by extensions ['colcon_meta']
[0.721s] Level 1:colcon.colcon_core.package_identification:_identify(src/ros2_basic/ros2_basic/pc) by extension 'colcon_meta'
[0.721s] Level 1:colcon.colcon_core.package_identification:_identify(src/ros2_basic/ros2_basic/pc) by extensions ['ros']
[0.721s] Level 1:colcon.colcon_core.package_identification:_identify(src/ros2_basic/ros2_basic/pc) by extension 'ros'
[0.721s] Level 1:colcon.colcon_core.package_identification:_identify(src/ros2_basic/ros2_basic/pc) by extensions ['cmake', 'python']
[0.721s] Level 1:colcon.colcon_core.package_identification:_identify(src/ros2_basic/ros2_basic/pc) by extension 'cmake'
[0.721s] Level 1:colcon.colcon_core.package_identification:_identify(src/ros2_basic/ros2_basic/pc) by extension 'python'
[0.721s] Level 1:colcon.colcon_core.package_identification:_identify(src/ros2_basic/ros2_basic/pc) by extensions ['python_setup_py']
[0.721s] Level 1:colcon.colcon_core.package_identification:_identify(src/ros2_basic/ros2_basic/pc) by extension 'python_setup_py'
[0.722s] Level 1:colcon.colcon_core.package_identification:_identify(src/ros2_basic/ros2_basic/pc/chap2) by extensions ['ignore', 'ignore_ament_install']
[0.722s] Level 1:colcon.colcon_core.package_identification:_identify(src/ros2_basic/ros2_basic/pc/chap2) by extension 'ignore'
[0.722s] Level 1:colcon.colcon_core.package_identification:_identify(src/ros2_basic/ros2_basic/pc/chap2) by extension 'ignore_ament_install'
[0.722s] Level 1:colcon.colcon_core.package_identification:_identify(src/ros2_basic/ros2_basic/pc/chap2) by extensions ['colcon_pkg']
[0.722s] Level 1:colcon.colcon_core.package_identification:_identify(src/ros2_basic/ros2_basic/pc/chap2) by extension 'colcon_pkg'
[0.722s] Level 1:colcon.colcon_core.package_identification:_identify(src/ros2_basic/ros2_basic/pc/chap2) by extensions ['colcon_meta']
[0.723s] Level 1:colcon.colcon_core.package_identification:_identify(src/ros2_basic/ros2_basic/pc/chap2) by extension 'colcon_meta'
[0.723s] Level 1:colcon.colcon_core.package_identification:_identify(src/ros2_basic/ros2_basic/pc/chap2) by extensions ['ros']
[0.723s] Level 1:colcon.colcon_core.package_identification:_identify(src/ros2_basic/ros2_basic/pc/chap2) by extension 'ros'
[0.723s] Level 1:colcon.colcon_core.package_identification:_identify(src/ros2_basic/ros2_basic/pc/chap2) by extensions ['cmake', 'python']
[0.723s] Level 1:colcon.colcon_core.package_identification:_identify(src/ros2_basic/ros2_basic/pc/chap2) by extension 'cmake'
[0.723s] Level 1:colcon.colcon_core.package_identification:_identify(src/ros2_basic/ros2_basic/pc/chap2) by extension 'python'
[0.723s] Level 1:colcon.colcon_core.package_identification:_identify(src/ros2_basic/ros2_basic/pc/chap2) by extensions ['python_setup_py']
[0.723s] Level 1:colcon.colcon_core.package_identification:_identify(src/ros2_basic/ros2_basic/pc/chap2) by extension 'python_setup_py'
[0.724s] Level 1:colcon.colcon_core.package_identification:_identify(src/ros2_basic/ros2_basic/pc/chap5) by extensions ['ignore', 'ignore_ament_install']
[0.724s] Level 1:colcon.colcon_core.package_identification:_identify(src/ros2_basic/ros2_basic/pc/chap5) by extension 'ignore'
[0.724s] Level 1:colcon.colcon_core.package_identification:_identify(src/ros2_basic/ros2_basic/pc/chap5) by extension 'ignore_ament_install'
[0.724s] Level 1:colcon.colcon_core.package_identification:_identify(src/ros2_basic/ros2_basic/pc/chap5) by extensions ['colcon_pkg']
[0.724s] Level 1:colcon.colcon_core.package_identification:_identify(src/ros2_basic/ros2_basic/pc/chap5) by extension 'colcon_pkg'
[0.724s] Level 1:colcon.colcon_core.package_identification:_identify(src/ros2_basic/ros2_basic/pc/chap5) by extensions ['colcon_meta']
[0.724s] Level 1:colcon.colcon_core.package_identification:_identify(src/ros2_basic/ros2_basic/pc/chap5) by extension 'colcon_meta'
[0.724s] Level 1:colcon.colcon_core.package_identification:_identify(src/ros2_basic/ros2_basic/pc/chap5) by extensions ['ros']
[0.724s] Level 1:colcon.colcon_core.package_identification:_identify(src/ros2_basic/ros2_basic/pc/chap5) by extension 'ros'
[0.725s] Level 1:colcon.colcon_core.package_identification:_identify(src/ros2_basic/ros2_basic/pc/chap5) by extensions ['cmake', 'python']
[0.725s] Level 1:colcon.colcon_core.package_identification:_identify(src/ros2_basic/ros2_basic/pc/chap5) by extension 'cmake'
[0.725s] Level 1:colcon.colcon_core.package_identification:_identify(src/ros2_basic/ros2_basic/pc/chap5) by extension 'python'
[0.725s] Level 1:colcon.colcon_core.package_identification:_identify(src/ros2_basic/ros2_basic/pc/chap5) by extensions ['python_setup_py']
[0.725s] Level 1:colcon.colcon_core.package_identification:_identify(src/ros2_basic/ros2_basic/pc/chap5) by extension 'python_setup_py'
[0.725s] Level 1:colcon.colcon_core.package_identification:_identify(src/ros2_basic/ros2_basic/pc/chap6) by extensions ['ignore', 'ignore_ament_install']
[0.725s] Level 1:colcon.colcon_core.package_identification:_identify(src/ros2_basic/ros2_basic/pc/chap6) by extension 'ignore'
[0.726s] Level 1:colcon.colcon_core.package_identification:_identify(src/ros2_basic/ros2_basic/pc/chap6) by extension 'ignore_ament_install'
[0.726s] Level 1:colcon.colcon_core.package_identification:_identify(src/ros2_basic/ros2_basic/pc/chap6) by extensions ['colcon_pkg']
[0.726s] Level 1:colcon.colcon_core.package_identification:_identify(src/ros2_basic/ros2_basic/pc/chap6) by extension 'colcon_pkg'
[0.726s] Level 1:colcon.colcon_core.package_identification:_identify(src/ros2_basic/ros2_basic/pc/chap6) by extensions ['colcon_meta']
[0.726s] Level 1:colcon.colcon_core.package_identification:_identify(src/ros2_basic/ros2_basic/pc/chap6) by extension 'colcon_meta'
[0.726s] Level 1:colcon.colcon_core.package_identification:_identify(src/ros2_basic/ros2_basic/pc/chap6) by extensions ['ros']
[0.726s] Level 1:colcon.colcon_core.package_identification:_identify(src/ros2_basic/ros2_basic/pc/chap6) by extension 'ros'
[0.726s] Level 1:colcon.colcon_core.package_identification:_identify(src/ros2_basic/ros2_basic/pc/chap6) by extensions ['cmake', 'python']
[0.727s] Level 1:colcon.colcon_core.package_identification:_identify(src/ros2_basic/ros2_basic/pc/chap6) by extension 'cmake'
[0.727s] Level 1:colcon.colcon_core.package_identification:_identify(src/ros2_basic/ros2_basic/pc/chap6) by extension 'python'
[0.727s] Level 1:colcon.colcon_core.package_identification:_identify(src/ros2_basic/ros2_basic/pc/chap6) by extensions ['python_setup_py']
[0.727s] Level 1:colcon.colcon_core.package_identification:_identify(src/ros2_basic/ros2_basic/pc/chap6) by extension 'python_setup_py'
[0.727s] Level 1:colcon.colcon_core.package_identification:_identify(src/ros2_basic/ros2_basic/raspi) by extensions ['ignore', 'ignore_ament_install']
[0.727s] Level 1:colcon.colcon_core.package_identification:_identify(src/ros2_basic/ros2_basic/raspi) by extension 'ignore'
[0.727s] Level 1:colcon.colcon_core.package_identification:_identify(src/ros2_basic/ros2_basic/raspi) by extension 'ignore_ament_install'
[0.728s] Level 1:colcon.colcon_core.package_identification:_identify(src/ros2_basic/ros2_basic/raspi) by extensions ['colcon_pkg']
[0.728s] Level 1:colcon.colcon_core.package_identification:_identify(src/ros2_basic/ros2_basic/raspi) by extension 'colcon_pkg'
[0.728s] Level 1:colcon.colcon_core.package_identification:_identify(src/ros2_basic/ros2_basic/raspi) by extensions ['colcon_meta']
[0.728s] Level 1:colcon.colcon_core.package_identification:_identify(src/ros2_basic/ros2_basic/raspi) by extension 'colcon_meta'
[0.728s] Level 1:colcon.colcon_core.package_identification:_identify(src/ros2_basic/ros2_basic/raspi) by extensions ['ros']
[0.728s] Level 1:colcon.colcon_core.package_identification:_identify(src/ros2_basic/ros2_basic/raspi) by extension 'ros'
[0.728s] Level 1:colcon.colcon_core.package_identification:_identify(src/ros2_basic/ros2_basic/raspi) by extensions ['cmake', 'python']
[0.728s] Level 1:colcon.colcon_core.package_identification:_identify(src/ros2_basic/ros2_basic/raspi) by extension 'cmake'
[0.728s] Level 1:colcon.colcon_core.package_identification:_identify(src/ros2_basic/ros2_basic/raspi) by extension 'python'
[0.728s] Level 1:colcon.colcon_core.package_identification:_identify(src/ros2_basic/ros2_basic/raspi) by extensions ['python_setup_py']
[0.728s] Level 1:colcon.colcon_core.package_identification:_identify(src/ros2_basic/ros2_basic/raspi) by extension 'python_setup_py'
[0.729s] Level 1:colcon.colcon_core.package_identification:_identify(src/ros2_basic/ros2_basic/raspi/chap3) by extensions ['ignore', 'ignore_ament_install']
[0.729s] Level 1:colcon.colcon_core.package_identification:_identify(src/ros2_basic/ros2_basic/raspi/chap3) by extension 'ignore'
[0.729s] Level 1:colcon.colcon_core.package_identification:_identify(src/ros2_basic/ros2_basic/raspi/chap3) by extension 'ignore_ament_install'
[0.729s] Level 1:colcon.colcon_core.package_identification:_identify(src/ros2_basic/ros2_basic/raspi/chap3) by extensions ['colcon_pkg']
[0.729s] Level 1:colcon.colcon_core.package_identification:_identify(src/ros2_basic/ros2_basic/raspi/chap3) by extension 'colcon_pkg'
[0.729s] Level 1:colcon.colcon_core.package_identification:_identify(src/ros2_basic/ros2_basic/raspi/chap3) by extensions ['colcon_meta']
[0.730s] Level 1:colcon.colcon_core.package_identification:_identify(src/ros2_basic/ros2_basic/raspi/chap3) by extension 'colcon_meta'
[0.730s] Level 1:colcon.colcon_core.package_identification:_identify(src/ros2_basic/ros2_basic/raspi/chap3) by extensions ['ros']
[0.730s] Level 1:colcon.colcon_core.package_identification:_identify(src/ros2_basic/ros2_basic/raspi/chap3) by extension 'ros'
[0.730s] Level 1:colcon.colcon_core.package_identification:_identify(src/ros2_basic/ros2_basic/raspi/chap3) by extensions ['cmake', 'python']
[0.730s] Level 1:colcon.colcon_core.package_identification:_identify(src/ros2_basic/ros2_basic/raspi/chap3) by extension 'cmake'
[0.730s] Level 1:colcon.colcon_core.package_identification:_identify(src/ros2_basic/ros2_basic/raspi/chap3) by extension 'python'
[0.730s] Level 1:colcon.colcon_core.package_identification:_identify(src/ros2_basic/ros2_basic/raspi/chap3) by extensions ['python_setup_py']
[0.730s] Level 1:colcon.colcon_core.package_identification:_identify(src/ros2_basic/ros2_basic/raspi/chap3) by extension 'python_setup_py'
[0.731s] Level 1:colcon.colcon_core.package_identification:_identify(src/ros2_basic/ros2_basic/raspi/chap4) by extensions ['ignore', 'ignore_ament_install']
[0.731s] Level 1:colcon.colcon_core.package_identification:_identify(src/ros2_basic/ros2_basic/raspi/chap4) by extension 'ignore'
[0.731s] Level 1:colcon.colcon_core.package_identification:_identify(src/ros2_basic/ros2_basic/raspi/chap4) by extension 'ignore_ament_install'
[0.731s] Level 1:colcon.colcon_core.package_identification:_identify(src/ros2_basic/ros2_basic/raspi/chap4) by extensions ['colcon_pkg']
[0.731s] Level 1:colcon.colcon_core.package_identification:_identify(src/ros2_basic/ros2_basic/raspi/chap4) by extension 'colcon_pkg'
[0.731s] Level 1:colcon.colcon_core.package_identification:_identify(src/ros2_basic/ros2_basic/raspi/chap4) by extensions ['colcon_meta']
[0.731s] Level 1:colcon.colcon_core.package_identification:_identify(src/ros2_basic/ros2_basic/raspi/chap4) by extension 'colcon_meta'
[0.731s] Level 1:colcon.colcon_core.package_identification:_identify(src/ros2_basic/ros2_basic/raspi/chap4) by extensions ['ros']
[0.732s] Level 1:colcon.colcon_core.package_identification:_identify(src/ros2_basic/ros2_basic/raspi/chap4) by extension 'ros'
[0.732s] Level 1:colcon.colcon_core.package_identification:_identify(src/ros2_basic/ros2_basic/raspi/chap4) by extensions ['cmake', 'python']
[0.732s] Level 1:colcon.colcon_core.package_identification:_identify(src/ros2_basic/ros2_basic/raspi/chap4) by extension 'cmake'
[0.732s] Level 1:colcon.colcon_core.package_identification:_identify(src/ros2_basic/ros2_basic/raspi/chap4) by extension 'python'
[0.732s] Level 1:colcon.colcon_core.package_identification:_identify(src/ros2_basic/ros2_basic/raspi/chap4) by extensions ['python_setup_py']
[0.732s] Level 1:colcon.colcon_core.package_identification:_identify(src/ros2_basic/ros2_basic/raspi/chap4) by extension 'python_setup_py'
[0.732s] Level 1:colcon.colcon_core.package_identification:_identify(src/ros2_basic/ros2_basic/raspi/chap5) by extensions ['ignore', 'ignore_ament_install']
[0.733s] Level 1:colcon.colcon_core.package_identification:_identify(src/ros2_basic/ros2_basic/raspi/chap5) by extension 'ignore'
[0.733s] Level 1:colcon.colcon_core.package_identification:_identify(src/ros2_basic/ros2_basic/raspi/chap5) by extension 'ignore_ament_install'
[0.733s] Level 1:colcon.colcon_core.package_identification:_identify(src/ros2_basic/ros2_basic/raspi/chap5) by extensions ['colcon_pkg']
[0.733s] Level 1:colcon.colcon_core.package_identification:_identify(src/ros2_basic/ros2_basic/raspi/chap5) by extension 'colcon_pkg'
[0.733s] Level 1:colcon.colcon_core.package_identification:_identify(src/ros2_basic/ros2_basic/raspi/chap5) by extensions ['colcon_meta']
[0.733s] Level 1:colcon.colcon_core.package_identification:_identify(src/ros2_basic/ros2_basic/raspi/chap5) by extension 'colcon_meta'
[0.733s] Level 1:colcon.colcon_core.package_identification:_identify(src/ros2_basic/ros2_basic/raspi/chap5) by extensions ['ros']
[0.733s] Level 1:colcon.colcon_core.package_identification:_identify(src/ros2_basic/ros2_basic/raspi/chap5) by extension 'ros'
[0.734s] Level 1:colcon.colcon_core.package_identification:_identify(src/ros2_basic/ros2_basic/raspi/chap5) by extensions ['cmake', 'python']
[0.734s] Level 1:colcon.colcon_core.package_identification:_identify(src/ros2_basic/ros2_basic/raspi/chap5) by extension 'cmake'
[0.734s] Level 1:colcon.colcon_core.package_identification:_identify(src/ros2_basic/ros2_basic/raspi/chap5) by extension 'python'
[0.734s] Level 1:colcon.colcon_core.package_identification:_identify(src/ros2_basic/ros2_basic/raspi/chap5) by extensions ['python_setup_py']
[0.734s] Level 1:colcon.colcon_core.package_identification:_identify(src/ros2_basic/ros2_basic/raspi/chap5) by extension 'python_setup_py'
[0.734s] Level 1:colcon.colcon_core.package_identification:_identify(src/ros2_basic/ros2_basic/raspi/chap6) by extensions ['ignore', 'ignore_ament_install']
[0.734s] Level 1:colcon.colcon_core.package_identification:_identify(src/ros2_basic/ros2_basic/raspi/chap6) by extension 'ignore'
[0.734s] Level 1:colcon.colcon_core.package_identification:_identify(src/ros2_basic/ros2_basic/raspi/chap6) by extension 'ignore_ament_install'
[0.735s] Level 1:colcon.colcon_core.package_identification:_identify(src/ros2_basic/ros2_basic/raspi/chap6) by extensions ['colcon_pkg']
[0.735s] Level 1:colcon.colcon_core.package_identification:_identify(src/ros2_basic/ros2_basic/raspi/chap6) by extension 'colcon_pkg'
[0.735s] Level 1:colcon.colcon_core.package_identification:_identify(src/ros2_basic/ros2_basic/raspi/chap6) by extensions ['colcon_meta']
[0.735s] Level 1:colcon.colcon_core.package_identification:_identify(src/ros2_basic/ros2_basic/raspi/chap6) by extension 'colcon_meta'
[0.735s] Level 1:colcon.colcon_core.package_identification:_identify(src/ros2_basic/ros2_basic/raspi/chap6) by extensions ['ros']
[0.735s] Level 1:colcon.colcon_core.package_identification:_identify(src/ros2_basic/ros2_basic/raspi/chap6) by extension 'ros'
[0.735s] Level 1:colcon.colcon_core.package_identification:_identify(src/ros2_basic/ros2_basic/raspi/chap6) by extensions ['cmake', 'python']
[0.735s] Level 1:colcon.colcon_core.package_identification:_identify(src/ros2_basic/ros2_basic/raspi/chap6) by extension 'cmake'
[0.735s] Level 1:colcon.colcon_core.package_identification:_identify(src/ros2_basic/ros2_basic/raspi/chap6) by extension 'python'
[0.736s] Level 1:colcon.colcon_core.package_identification:_identify(src/ros2_basic/ros2_basic/raspi/chap6) by extensions ['python_setup_py']
[0.736s] Level 1:colcon.colcon_core.package_identification:_identify(src/ros2_basic/ros2_basic/raspi/chap6) by extension 'python_setup_py'
[0.736s] Level 1:colcon.colcon_core.package_discovery:discover_packages(recursive) using defaults
[0.736s] Level 1:colcon.colcon_core.package_discovery:discover_packages(ignore) discover
[0.736s] Level 1:colcon.colcon_core.package_discovery:discover_packages(ignore) using defaults
[0.736s] Level 1:colcon.colcon_core.package_discovery:discover_packages(path) discover
[0.736s] Level 1:colcon.colcon_core.package_discovery:discover_packages(path) using defaults
[0.797s] Level 1:colcon.colcon_core.package_discovery:discover_packages(prefix_path) check parameters
[0.797s] Level 1:colcon.colcon_core.package_discovery:discover_packages(prefix_path) discover
[0.800s] DEBUG:colcon.colcon_installed_package_information.package_discovery:Found 0 installed packages in /home/keime/ava_ws/install
[0.803s] DEBUG:colcon.colcon_installed_package_information.package_discovery:Found 273 installed packages in /opt/ros/humble
[0.806s] Level 1:colcon.colcon_core.package_discovery:discover_packages(prefix_path) using defaults
[0.891s] Level 5:colcon.colcon_core.verb:set package 'my_pkg' build argument 'cmake_args' from command line to 'None'
[0.891s] Level 5:colcon.colcon_core.verb:set package 'my_pkg' build argument 'cmake_target' from command line to 'None'
[0.891s] Level 5:colcon.colcon_core.verb:set package 'my_pkg' build argument 'cmake_target_skip_unavailable' from command line to 'False'
[0.891s] Level 5:colcon.colcon_core.verb:set package 'my_pkg' build argument 'cmake_clean_cache' from command line to 'False'
[0.892s] Level 5:colcon.colcon_core.verb:set package 'my_pkg' build argument 'cmake_clean_first' from command line to 'False'
[0.892s] Level 5:colcon.colcon_core.verb:set package 'my_pkg' build argument 'cmake_force_configure' from command line to 'False'
[0.892s] Level 5:colcon.colcon_core.verb:set package 'my_pkg' build argument 'ament_cmake_args' from command line to 'None'
[0.892s] Level 5:colcon.colcon_core.verb:set package 'my_pkg' build argument 'catkin_cmake_args' from command line to 'None'
[0.892s] Level 5:colcon.colcon_core.verb:set package 'my_pkg' build argument 'catkin_skip_building_tests' from command line to 'False'
[0.892s] DEBUG:colcon.colcon_core.verb:Building package 'my_pkg' with the following arguments: {'ament_cmake_args': None, 'build_base': '/home/keime/ros2_basic_ws/build/my_pkg', 'catkin_cmake_args': None, 'catkin_skip_building_tests': False, 'cmake_args': None, 'cmake_clean_cache': False, 'cmake_clean_first': False, 'cmake_force_configure': False, 'cmake_target': None, 'cmake_target_skip_unavailable': False, 'install_base': '/home/keime/ros2_basic_ws/install/my_pkg', 'merge_install': False, 'path': '/home/keime/ros2_basic_ws/src/my_pkg', 'symlink_install': True, 'test_result_base': None}
[0.892s] INFO:colcon.colcon_core.executor:Executing jobs using 'parallel' executor
[0.894s] DEBUG:colcon.colcon_parallel_executor.executor.parallel:run_until_complete
[0.895s] INFO:colcon.colcon_ros.task.ament_python.build:Building ROS package in '/home/keime/ros2_basic_ws/src/my_pkg' with build type 'ament_python'
[0.895s] Level 1:colcon.colcon_core.shell:create_environment_hook('my_pkg', 'ament_prefix_path')
[0.899s] INFO:colcon.colcon_core.plugin_system:Skipping extension 'colcon_core.shell.bat': Not used on non-Windows systems
[0.900s] INFO:colcon.colcon_core.shell:Creating environment hook '/home/keime/ros2_basic_ws/install/my_pkg/share/my_pkg/hook/ament_prefix_path.ps1'
[0.901s] INFO:colcon.colcon_core.shell:Creating environment descriptor '/home/keime/ros2_basic_ws/install/my_pkg/share/my_pkg/hook/ament_prefix_path.dsv'
[0.902s] INFO:colcon.colcon_core.shell:Creating environment hook '/home/keime/ros2_basic_ws/install/my_pkg/share/my_pkg/hook/ament_prefix_path.sh'
[0.904s] INFO:colcon.colcon_core.shell:Skip shell extension 'powershell' for command environment: Not usable outside of PowerShell
[0.904s] DEBUG:colcon.colcon_core.shell:Skip shell extension 'dsv' for command environment
[1.481s] INFO:colcon.colcon_core.task.python.build:Building Python package in '/home/keime/ros2_basic_ws/src/my_pkg'
[1.482s] INFO:colcon.colcon_core.shell:Skip shell extension 'powershell' for command environment: Not usable outside of PowerShell
[1.482s] DEBUG:colcon.colcon_core.shell:Skip shell extension 'dsv' for command environment
[2.221s] DEBUG:colcon.colcon_core.task.python.build:While undoing a previous installation files outside the Python library path are being ignored: /home/keime/ros2_basic_ws/install/my_pkg/share/ament_index/resource_index/packages/my_pkg
[2.221s] DEBUG:colcon.colcon_core.task.python.build:While undoing a previous installation files outside the Python library path are being ignored: /home/keime/ros2_basic_ws/install/my_pkg/share/my_pkg/package.xml
[2.222s] DEBUG:colcon.colcon_core.task.python.build:While undoing a previous installation files outside the Python library path are being ignored: /home/keime/ros2_basic_ws/install/my_pkg/lib/my_pkg/listener
[2.222s] DEBUG:colcon.colcon_core.task.python.build:While undoing a previous installation files outside the Python library path are being ignored: /home/keime/ros2_basic_ws/install/my_pkg/lib/my_pkg/talker
[2.227s] DEBUG:colcon.colcon_core.event_handler.log_command:Invoking command in '/home/keime/ros2_basic_ws/build/my_pkg': PYTHONPATH=/home/keime/ros2_basic_ws/build/my_pkg/prefix_override:/usr/lib/python3/dist-packages/colcon_core/task/python/colcon_distutils_commands:/home/keime/ros2_basic_ws/install/my_pkg/lib/python3.10/site-packages:${PYTHONPATH} /usr/bin/python3 -W ignore:setup.py install is deprecated -W ignore:easy_install command is deprecated setup.py develop --editable --build-directory /home/keime/ros2_basic_ws/build/my_pkg/build --no-deps symlink_data --force
[3.263s] Level 1:colcon.colcon_core.shell:create_environment_hook('my_pkg', 'pythonpath_develop')
[3.264s] INFO:colcon.colcon_core.shell:Creating environment hook '/home/keime/ros2_basic_ws/build/my_pkg/share/my_pkg/hook/pythonpath_develop.ps1'
[3.265s] DEBUG:colcon.colcon_core.event_handler.log_command:Invoked command in '/home/keime/ros2_basic_ws/build/my_pkg' returned '0': PYTHONPATH=/home/keime/ros2_basic_ws/build/my_pkg/prefix_override:/usr/lib/python3/dist-packages/colcon_core/task/python/colcon_distutils_commands:/home/keime/ros2_basic_ws/install/my_pkg/lib/python3.10/site-packages:${PYTHONPATH} /usr/bin/python3 -W ignore:setup.py install is deprecated -W ignore:easy_install command is deprecated setup.py develop --editable --build-directory /home/keime/ros2_basic_ws/build/my_pkg/build --no-deps symlink_data --force
[3.266s] INFO:colcon.colcon_core.shell:Creating environment descriptor '/home/keime/ros2_basic_ws/build/my_pkg/share/my_pkg/hook/pythonpath_develop.dsv'
[3.266s] INFO:colcon.colcon_core.shell:Creating environment hook '/home/keime/ros2_basic_ws/build/my_pkg/share/my_pkg/hook/pythonpath_develop.sh'
[3.273s] Level 1:colcon.colcon_core.environment:checking '/home/keime/ros2_basic_ws/install/my_pkg' for CMake module files
[3.274s] Level 1:colcon.colcon_core.environment:checking '/home/keime/ros2_basic_ws/install/my_pkg' for CMake config files
[3.276s] Level 1:colcon.colcon_core.environment:checking '/home/keime/ros2_basic_ws/install/my_pkg/lib'
[3.276s] Level 1:colcon.colcon_core.environment:checking '/home/keime/ros2_basic_ws/install/my_pkg/bin'
[3.276s] Level 1:colcon.colcon_core.environment:checking '/home/keime/ros2_basic_ws/install/my_pkg/lib/pkgconfig/my_pkg.pc'
[3.277s] Level 1:colcon.colcon_core.environment:checking '/home/keime/ros2_basic_ws/install/my_pkg/lib/python3.10/site-packages'
[3.277s] Level 1:colcon.colcon_core.shell:create_environment_hook('my_pkg', 'pythonpath')
[3.277s] INFO:colcon.colcon_core.shell:Creating environment hook '/home/keime/ros2_basic_ws/install/my_pkg/share/my_pkg/hook/pythonpath.ps1'
[3.278s] INFO:colcon.colcon_core.shell:Creating environment descriptor '/home/keime/ros2_basic_ws/install/my_pkg/share/my_pkg/hook/pythonpath.dsv'
[3.279s] INFO:colcon.colcon_core.shell:Creating environment hook '/home/keime/ros2_basic_ws/install/my_pkg/share/my_pkg/hook/pythonpath.sh'
[3.281s] Level 1:colcon.colcon_core.environment:checking '/home/keime/ros2_basic_ws/install/my_pkg/bin'
[3.281s] Level 1:colcon.colcon_core.environment:create_environment_scripts_only(my_pkg)
[3.282s] INFO:colcon.colcon_core.shell:Creating package script '/home/keime/ros2_basic_ws/install/my_pkg/share/my_pkg/package.ps1'
[3.285s] INFO:colcon.colcon_core.shell:Creating package descriptor '/home/keime/ros2_basic_ws/install/my_pkg/share/my_pkg/package.dsv'
[3.286s] INFO:colcon.colcon_core.shell:Creating package script '/home/keime/ros2_basic_ws/install/my_pkg/share/my_pkg/package.sh'
[3.288s] INFO:colcon.colcon_core.shell:Creating package script '/home/keime/ros2_basic_ws/install/my_pkg/share/my_pkg/package.bash'
[3.290s] INFO:colcon.colcon_core.shell:Creating package script '/home/keime/ros2_basic_ws/install/my_pkg/share/my_pkg/package.zsh'
[3.291s] Level 1:colcon.colcon_core.environment:create_file_with_runtime_dependencies(/home/keime/ros2_basic_ws/install/my_pkg/share/colcon-core/packages/my_pkg)
[3.292s] DEBUG:colcon.colcon_parallel_executor.executor.parallel:closing loop
[3.292s] DEBUG:colcon.colcon_parallel_executor.executor.parallel:loop closed
[3.293s] DEBUG:colcon.colcon_parallel_executor.executor.parallel:run_until_complete finished with '0'
[3.293s] DEBUG:colcon.colcon_core.event_reactor:joining thread
[3.294s] DEBUG:colcon.colcon_core.event_reactor:joined thread
[3.294s] INFO:colcon.colcon_core.shell:Creating prefix script '/home/keime/ros2_basic_ws/install/local_setup.ps1'
[3.297s] INFO:colcon.colcon_core.shell:Creating prefix util module '/home/keime/ros2_basic_ws/install/_local_setup_util_ps1.py'
[3.300s] INFO:colcon.colcon_core.shell:Creating prefix chain script '/home/keime/ros2_basic_ws/install/setup.ps1'
[3.302s] INFO:colcon.colcon_core.shell:Creating prefix script '/home/keime/ros2_basic_ws/install/local_setup.sh'
[3.304s] INFO:colcon.colcon_core.shell:Creating prefix util module '/home/keime/ros2_basic_ws/install/_local_setup_util_sh.py'
[3.305s] INFO:colcon.colcon_core.shell:Creating prefix chain script '/home/keime/ros2_basic_ws/install/setup.sh'
[3.307s] INFO:colcon.colcon_core.shell:Creating prefix script '/home/keime/ros2_basic_ws/install/local_setup.bash'
[3.308s] INFO:colcon.colcon_core.shell:Creating prefix chain script '/home/keime/ros2_basic_ws/install/setup.bash'
[3.310s] INFO:colcon.colcon_core.shell:Creating prefix script '/home/keime/ros2_basic_ws/install/local_setup.zsh'
[3.312s] INFO:colcon.colcon_core.shell:Creating prefix chain script '/home/keime/ros2_basic_ws/install/setup.zsh'
